exports[`test BacklogButton renders correctly 1`] = `
<div
  className="BacklogButton col-md-4 col-md-offset-7">
  <button
    className="btn btn-default"
    disabled={false}
    onClick={[Function]}
    type="button">
    Send To 05/15/17
  </button>
</div>
`;
