exports[`test Header renders correctly 1`] = `
<div
  className="Header row">
  <div
    className="col-md-4" />
  <div
    className="HeaderDropdownCol col-md-4 col-md-offset-8">
    <div
      className="dropdown btn-group">
      <button
        aria-expanded={false}
        aria-haspopup={true}
        className="HeaderDropdownMenu dropdown-toggle btn btn-default"
        disabled={false}
        id="HeaderMenu"
        onClick={[Function]}
        onKeyDown={[Function]}
        role="button"
        type="button">
        â‰¡
      </button>
      <ul
        aria-labelledby="HeaderMenu"
        className="dropdown-menu"
        role="menu">
        <li
          onKeyDown={[Function]}
          onSelect={[Function]}>
          <a
            href="/home"
            onClick={[Function]}>
            home
          </a>
        </li>
        <li
          onKeyDown={[Function]}
          onSelect={[Function]}>
          <a
            href="/backlog"
            onClick={[Function]}>
            backlog
          </a>
        </li>
        <li
          onKeyDown={[Function]}
          onSelect={[Function]}>
          <a
            href="/planning"
            onClick={[Function]}>
            planning
          </a>
        </li>
        <li
          className="divider"
          onKeyDown={[Function]}
          role="separator"
          style={undefined} />
        <li
          className=""
          role="presentation"
          style={undefined}>
          <a
            href="#"
            onClick={[Function]}
            onKeyDown={[Function]}
            role="menuitem"
            tabIndex="-1">
            undo 
            <small>
              Ctrl-left
            </small>
          </a>
        </li>
        <li
          className=""
          role="presentation"
          style={undefined}>
          <a
            href="#"
            onClick={[Function]}
            onKeyDown={[Function]}
            role="menuitem"
            tabIndex="-1">
            redo 
            <small>
              Ctrl-right
            </small>
          </a>
        </li>
        <li
          className="divider"
          onKeyDown={[Function]}
          role="separator"
          style={undefined} />
        <li
          onKeyDown={[Function]}
          onSelect={[Function]}>
          <a
            href="/settings"
            onClick={[Function]}>
            settings
          </a>
        </li>
      </ul>
    </div>
  </div>
</div>
`;
