exports[`test Login renders correctly 1`] = `
<div
  className="modal"
  draggable="false"
  id="Account"
  role="dialog"
  style={
    Object {
      "display": "block",
    }
  }
  tabIndex="-1">
  <div
    className="modal-dialog">
    <div
      className="modal-content"
      role="document">
      <div
        className="modal-body">
        <div
          className="row">
          <div
            className="col-md-4 col-md-offset-3">
            <h3>
              Login
            </h3>
          </div>
        </div>
        <div
          className="row">
          <div
            className="col-md-2 col-md-offset-3">
            <h4>
              Email
            </h4>
          </div>
          <div
            className="col-md-4">
            <input
              onChange={[Function]}
              type="text"
              value="" />
          </div>
        </div>
        <div
          className="row">
          <div
            className="col-md-2 col-md-offset-3">
            <h4>
              Password
            </h4>
          </div>
          <div
            className="col-md-4">
            <input
              onChange={[Function]}
              type="password"
              value="" />
          </div>
        </div>
        <div
          className="row">
          <div
            className="AccountButton col-md-6 col-md-offset-3">
            <button
              className="btn btn-default"
              disabled={false}
              id="AccountSub"
              onClick={[Function]}
              type="button">
              Submit
            </button>
          </div>
        </div>
        <br />
      </div>
      <div
        className="modal-footer">
        <div
          className="row">
          <div
            className="col-md-1 col-md-offset-10">
            <button
              className="btn btn-default"
              disabled={false}
              onClick={[Function]}
              type="button">
              Close
            </button>
          </div>
        </div>
      </div>
    </div>
  </div>
</div>
`;
