exports[`test SelectorInfo renders correctly 1`] = `
<div
  className="dropdown btn-group">
  <button
    aria-expanded={false}
    aria-haspopup={true}
    className="dropdown-toggle btn btn-default"
    disabled={false}
    id="Selector"
    onClick={[Function]}
    onKeyDown={[Function]}
    role="button"
    type="button">
    Send To
  </button>
  <ul
    aria-labelledby="Selector"
    className="dropdown-menu"
    role="menu">
    <li
      className=""
      role="presentation"
      style={undefined}>
      <a
        href="#"
        onClick={[Function]}
        onKeyDown={[Function]}
        role="menuitem"
        tabIndex="-1">
        1
          
        <small>
          05/15/17
        </small>
      </a>
    </li>
    <li
      onKeyDown={[Function]}
      onSelect={[Function]}>
      <a
        href="#"
        onClick={[Function]}>
        <b>
          load all
        </b>
      </a>
    </li>
    <li
      className="divider"
      onKeyDown={[Function]}
      role="separator"
      style={undefined} />
  </ul>
</div>
`;
