exports[`test Info renders correctly 1`] = `
<div
  className="modal"
  draggable="false"
  role="dialog"
  style={
    Object {
      "display": "block",
    }
  }
  tabIndex="-1">
  <div
    className="modal-dialog">
    <div
      className="modal-content"
      role="document">
      <div
        className="modal-header">
        <div
          className="AddItem">
          <h2
            onClick={[Function]}>
            test
          </h2>
          <div
            className="AddItemInput"
            style={
              Object {
                "visibility": "hidden",
              }
            }>
            <div
              className="form-group">
              <span
                className="input-group input-group-sm">
                <input
                  className="form-control"
                  id={undefined}
                  onChange={[Function]}
                  onKeyPress={[Function]}
                  type="text"
                  value="" />
                <span
                  className="input-group-btn"
                  type="text">
                  <button
                    className="btn btn-default"
                    disabled={false}
                    onClick={[Function]}
                    type="button">
                    Add
                  </button>
                </span>
              </span>
            </div>
          </div>
        </div>
      </div>
      <div
        className="modal-body">
        <div
          className="row">
          <div
            className="col-md-10">
            hello
          </div>
          <div
            className="col-md-2">
            <p
              onClick={[Function]}>
              X
            </p>
          </div>
        </div>
      </div>
      <div
        className="modal-footer">
        <div
          className="dropdown btn-group">
          <button
            aria-expanded={false}
            aria-haspopup={true}
            className="dropdown-toggle btn btn-default"
            disabled={false}
            id="Selector"
            onClick={[Function]}
            onKeyDown={[Function]}
            role="button"
            type="button">
            Send To
          </button>
          <ul
            aria-labelledby="Selector"
            className="dropdown-menu"
            role="menu">
            <li
              className=""
              role="presentation"
              style={undefined}>
              <a
                href="#"
                onClick={[Function]}
                onKeyDown={[Function]}
                role="menuitem"
                tabIndex="-1">
                2
                  
                <small>
                  05/15/17
                </small>
              </a>
            </li>
            <li
              className=""
              role="presentation"
              style={undefined}>
              <a
                href="#"
                onClick={[Function]}
                onKeyDown={[Function]}
                role="menuitem"
                tabIndex="-1">
                1
                  
                <small>
                  Backlog
                </small>
              </a>
            </li>
            <li
              onKeyDown={[Function]}
              onSelect={[Function]}>
              <a
                href="#"
                onClick={[Function]}>
                <b>
                  load all
                </b>
              </a>
            </li>
            <li
              className="divider"
              onKeyDown={[Function]}
              role="separator"
              style={undefined} />
          </ul>
        </div>
        <button
          className="btn btn-default"
          disabled={false}
          onClick={[Function]}
          type="button">
          Close
        </button>
      </div>
    </div>
  </div>
</div>
`;
