exports[`test Account renders correctly 1`] = `
<div
  className="container">
  <div
    className="Header row">
    <div
      className="col-md-4" />
    <div
      className="HeaderDropdownCol col-md-4 col-md-offset-8">
      <div
        className="dropdown btn-group">
        <button
          aria-expanded={false}
          aria-haspopup={true}
          className="HeaderDropdownMenu dropdown-toggle btn btn-default"
          disabled={false}
          id="HeaderMenu"
          onClick={[Function]}
          onKeyDown={[Function]}
          role="button"
          type="button">
          â‰¡
        </button>
        <ul
          aria-labelledby="HeaderMenu"
          className="dropdown-menu"
          role="menu">
          <li
            onKeyDown={[Function]}
            onSelect={[Function]}>
            <a
              href="/account"
              onClick={[Function]}>
              Sign In
            </a>
          </li>
          <li
            className="divider"
            onKeyDown={[Function]}
            role="separator"
            style={undefined} />
          <li
            onKeyDown={[Function]}
            onSelect={[Function]}>
            <a
              href="/home"
              onClick={[Function]}>
              home
            </a>
          </li>
          <li
            onKeyDown={[Function]}
            onSelect={[Function]}>
            <a
              href="/backlog"
              onClick={[Function]}>
              backlog
            </a>
          </li>
          <li
            onKeyDown={[Function]}
            onSelect={[Function]}>
            <a
              href="/planning"
              onClick={[Function]}>
              planning
            </a>
          </li>
          <li
            className="divider"
            onKeyDown={[Function]}
            role="separator"
            style={undefined} />
          <li
            className=""
            role="presentation"
            style={undefined}>
            <a
              href="#"
              onClick={[Function]}
              onKeyDown={[Function]}
              role="menuitem"
              tabIndex="-1">
              undo 
              <small>
                Ctrl-left
              </small>
            </a>
          </li>
          <li
            className=""
            role="presentation"
            style={undefined}>
            <a
              href="#"
              onClick={[Function]}
              onKeyDown={[Function]}
              role="menuitem"
              tabIndex="-1">
              redo 
              <small>
                Ctrl-right
              </small>
            </a>
          </li>
          <li
            className="divider"
            onKeyDown={[Function]}
            role="separator"
            style={undefined} />
          <li
            onKeyDown={[Function]}
            onSelect={[Function]}>
            <a
              href="/settings"
              onClick={[Function]}>
              settings
            </a>
          </li>
        </ul>
      </div>
    </div>
  </div>
  <div
    id="Account">
    <div
      className="row">
      <div
        className="AccountField col-md-4 col-md-offset-4">
        <h3>
          Login
        </h3>
      </div>
    </div>
    <div
      className="row">
      <div
        className="col-md-2 col-md-offset-4">
        <h4>
          Email
        </h4>
      </div>
      <div
        className="col-md-4">
        <input
          type="text" />
      </div>
    </div>
    <div
      className="row">
      <div
        className="col-md-2 col-md-offset-4">
        <h4>
          Password
        </h4>
      </div>
      <div
        className="col-md-4">
        <input
          type="password" />
      </div>
    </div>
    <div
      className="row">
      <div
        className="AccountButton col-md-2 col-md-offset-6">
        <button
          className="btn btn-default"
          disabled={false}
          onClick={[Function]}
          type="button">
          Submit
        </button>
      </div>
    </div>
  </div>
  <div
    className="row">
    <div
      className="col-md-12"
      id="footer">
      <i>
        Henboard 2017
      </i>
    </div>
  </div>
</div>
`;
